[2026-04-17 13:08:58] cosmetic.INFO: Email service configured [] []
[2026-04-17 13:09:08] cosmetic.INFO: Email service configured [] []
[2026-04-17 13:09:08] cosmetic.INFO: Email service configured [] []
[2026-04-17 13:10:25] cosmetic.INFO: Email service configured [] []
[2026-04-17 13:10:25] cosmetic.INFO: Email service configured [] []
[2026-04-17 15:23:03] cosmetic.INFO: Email service configured [] []
[2026-04-17 15:23:03] cosmetic.INFO: Email service configured [] []
[2026-04-17 15:23:56] cosmetic.INFO: Email service configured [] []
[2026-04-17 15:23:56] cosmetic.INFO: Email service configured [] []
[2026-04-17 15:24:00] cosmetic.INFO: Email service configured [] []
[2026-04-17 15:26:17] cosmetic.INFO: Email service configured [] []
[2026-04-17 15:26:17] cosmetic.INFO: Email service configured [] []
[2026-04-17 15:26:21] cosmetic.INFO: Email service configured [] []
[2026-04-17 15:26:21] cosmetic.INFO: Yandex OAuth: Token exchange successful [] []
[2026-04-17 15:26:22] cosmetic.INFO: Yandex OAuth: User info retrieved successfully [] []
[2026-04-17 15:26:22] cosmetic.CRITICAL: Database connection failed {"error":"Access denied for user 'admmin'@'localhost' (using password: YES)"} []
[2026-04-17 15:26:22] cosmetic.ERROR: Yandex OAuth callback error {"error":"Access denied for user 'admmin'@'localhost' (using password: YES)"} []
[2026-04-17 15:27:20] cosmetic.INFO: Email service configured [] []
[2026-04-17 15:27:20] cosmetic.INFO: Email service configured [] []
[2026-04-17 15:27:24] cosmetic.INFO: Email service configured [] []
[2026-04-17 15:27:24] cosmetic.INFO: Yandex OAuth: Token exchange successful [] []
[2026-04-17 15:27:24] cosmetic.INFO: Yandex OAuth: User info retrieved successfully [] []
[2026-04-17 15:27:24] cosmetic.CRITICAL: Database connection failed {"error":"Access denied for user 'admmin'@'localhost' (using password: YES)"} []
[2026-04-17 15:27:24] cosmetic.ERROR: Yandex OAuth callback error {"error":"Access denied for user 'admmin'@'localhost' (using password: YES)"} []
[2026-04-17 15:49:20] cosmetic.INFO: Email service configured [] []
[2026-04-17 15:49:20] cosmetic.INFO: Email service configured [] []
[2026-04-17 15:49:24] cosmetic.INFO: Email service configured [] []
[2026-04-17 15:49:24] cosmetic.INFO: Yandex OAuth: Token exchange successful [] []
[2026-04-17 15:49:24] cosmetic.INFO: Yandex OAuth: User info retrieved successfully [] []
[2026-04-17 15:49:24] cosmetic.CRITICAL: Database connection failed {"error":"Access denied for user 'admmin'@'localhost' (using password: YES)"} []
[2026-04-17 15:49:24] cosmetic.ERROR: Yandex OAuth callback error {"error":"Access denied for user 'admmin'@'localhost' (using password: YES)"} []
[2026-04-17 15:49:42] cosmetic.INFO: Email service configured [] []
[2026-04-17 15:49:42] cosmetic.INFO: Email service configured [] []
[2026-04-17 15:49:46] cosmetic.INFO: Email service configured [] []
[2026-04-17 15:49:46] cosmetic.INFO: Yandex OAuth: Token exchange successful [] []
[2026-04-17 15:49:46] cosmetic.INFO: Yandex OAuth: User info retrieved successfully [] []
[2026-04-17 15:49:46] cosmetic.CRITICAL: Database connection failed {"error":"Access denied for user 'admmin'@'localhost' (using password: YES)"} []
[2026-04-17 15:49:46] cosmetic.ERROR: Yandex OAuth callback error {"error":"Access denied for user 'admmin'@'localhost' (using password: YES)"} []
[2026-04-17 15:49:53] cosmetic.INFO: Email service configured [] []
[2026-04-17 15:49:53] cosmetic.INFO: Email service configured [] []
[2026-04-17 15:50:00] cosmetic.INFO: Email service configured [] []
[2026-04-17 15:50:00] cosmetic.INFO: Yandex OAuth: Token exchange successful [] []
[2026-04-17 15:50:01] cosmetic.INFO: Yandex OAuth: User info retrieved successfully [] []
[2026-04-17 15:50:01] cosmetic.CRITICAL: Database connection failed {"error":"Access denied for user 'admmin'@'localhost' (using password: YES)"} []
[2026-04-17 15:50:01] cosmetic.ERROR: Yandex OAuth callback error {"error":"Access denied for user 'admmin'@'localhost' (using password: YES)"} []
[2026-04-17 15:51:08] cosmetic.INFO: Email service configured [] []
[2026-04-17 15:51:08] cosmetic.INFO: Email service configured [] []
[2026-04-17 15:51:12] cosmetic.INFO: Email service configured [] []
[2026-04-17 15:51:12] cosmetic.INFO: Yandex OAuth: Token exchange successful [] []
[2026-04-17 15:51:12] cosmetic.INFO: Yandex OAuth: User info retrieved successfully [] []
[2026-04-17 15:51:12] cosmetic.CRITICAL: Database connection failed {"error":"Access denied for user 'admmin'@'localhost' (using password: YES)"} []
[2026-04-17 15:51:12] cosmetic.ERROR: Yandex OAuth callback error {"error":"Access denied for user 'admmin'@'localhost' (using password: YES)"} []
[2026-04-17 15:55:17] cosmetic.INFO: Email service configured [] []
[2026-04-17 15:55:17] cosmetic.INFO: Email service configured [] []
[2026-04-17 15:55:21] cosmetic.INFO: Email service configured [] []
[2026-04-17 15:55:21] cosmetic.INFO: Yandex OAuth: Token exchange successful [] []
[2026-04-17 15:55:21] cosmetic.INFO: Yandex OAuth: User info retrieved successfully [] []
[2026-04-17 15:55:21] cosmetic.CRITICAL: Database connection failed {"error":"Access denied for user 'admmin'@'localhost' (using password: YES)"} []
[2026-04-17 15:55:21] cosmetic.ERROR: Yandex OAuth callback error {"error":"Access denied for user 'admmin'@'localhost' (using password: YES)"} []
[2026-04-17 15:56:06] cosmetic.INFO: Email service configured [] []
[2026-04-17 15:56:06] cosmetic.INFO: Email service configured [] []
[2026-04-17 15:56:10] cosmetic.INFO: Email service configured [] []
[2026-04-17 15:56:11] cosmetic.INFO: Yandex OAuth: Token exchange successful [] []
[2026-04-17 15:56:12] cosmetic.INFO: Yandex OAuth: User info retrieved successfully [] []
[2026-04-17 15:56:12] cosmetic.CRITICAL: Database connection failed {"error":"Access denied for user 'admmin'@'localhost' (using password: YES)"} []
[2026-04-17 15:56:12] cosmetic.ERROR: Yandex OAuth callback error {"error":"Access denied for user 'admmin'@'localhost' (using password: YES)"} []
[2026-04-17 20:34:20] cosmetic.INFO: Yandex OAuth: Token exchange successful [] []
[2026-04-17 20:34:20] cosmetic.INFO: Yandex OAuth: User info retrieved successfully [] []
[2026-04-17 20:34:20] cosmetic.CRITICAL: Database connection failed {"error":"Access denied for user 'admmin'@'localhost' (using password: YES)"} []
[2026-04-17 20:34:20] cosmetic.ERROR: Yandex OAuth callback error {"error":"Access denied for user 'admmin'@'localhost' (using password: YES)"} []
[2026-04-17 20:34:59] cosmetic.INFO: Yandex OAuth: Token exchange successful [] []
[2026-04-17 20:35:00] cosmetic.INFO: Yandex OAuth: User info retrieved successfully [] []
[2026-04-17 20:35:00] cosmetic.CRITICAL: Database connection failed {"error":"Access denied for user 'admmin'@'localhost' (using password: YES)"} []
[2026-04-17 20:35:00] cosmetic.ERROR: Yandex OAuth callback error {"error":"Access denied for user 'admmin'@'localhost' (using password: YES)"} []
[2026-04-17 20:35:25] cosmetic.INFO: Yandex OAuth: Token exchange successful [] []
[2026-04-17 20:35:25] cosmetic.INFO: Yandex OAuth: User info retrieved successfully [] []
[2026-04-17 20:35:25] cosmetic.CRITICAL: Database connection failed {"error":"Access denied for user 'admmin'@'localhost' (using password: YES)"} []
[2026-04-17 20:35:25] cosmetic.ERROR: Yandex OAuth callback error {"error":"Access denied for user 'admmin'@'localhost' (using password: YES)"} []
[2026-04-17 20:35:36] cosmetic.INFO: Yandex OAuth: Token exchange successful [] []
[2026-04-17 20:35:36] cosmetic.INFO: Yandex OAuth: User info retrieved successfully [] []
[2026-04-17 20:35:36] cosmetic.CRITICAL: Database connection failed {"error":"Access denied for user 'admmin'@'localhost' (using password: YES)"} []
[2026-04-17 20:35:36] cosmetic.ERROR: Yandex OAuth callback error {"error":"Access denied for user 'admmin'@'localhost' (using password: YES)"} []
[2026-04-17 20:39:24] cosmetic.INFO: Yandex OAuth: Token exchange successful [] []
[2026-04-17 20:39:24] cosmetic.INFO: Yandex OAuth: User info retrieved successfully [] []
[2026-04-17 20:39:24] cosmetic.CRITICAL: Database connection failed {"error":"Access denied for user 'admmin'@'localhost' (using password: YES)"} []
[2026-04-17 20:39:24] cosmetic.ERROR: Yandex OAuth callback error {"error":"Access denied for user 'admmin'@'localhost' (using password: YES)","trace":"#0 C:\\OSPanel\\home\\cosmetic.diplom\\backend\\src\\Config\\Database.php(25): mysqli->__construct('127.0.1.16', 'admmin', Object(SensitiveParameterValue), 'diplomdb', 3306)\n#1 C:\\OSPanel\\home\\cosmetic.diplom\\backend\\src\\Config\\Database.php(53): App\\Config\\Database::getConnection()\n#2 C:\\OSPanel\\home\\cosmetic.diplom\\backend\\src\\Config\\Database.php(106): App\\Config\\Database::query('SELECT * FROM OAuthAccounts \\r\\n                WHERE provider = ? AND provider_user_id = ?', Array, 'ss')\n#3 C:\\OSPanel\\home\\cosmetic.diplom\\backend\\src\\Models\\OAuthAccount.php(36): App\\Config\\Database::fetch('SELECT * FROM OAuthAccounts \\r\\n                WHERE provider = ? AND provider_user_id = ?', Array, 'ss')\n#4 C:\\OSPanel\\home\\cosmetic.diplom\\backend\\src\\Controllers\\AuthController.php(381): App\\Models\\OAuthAccount::findByProvider('yandex', '2311572700')\n#5 C:\\OSPanel\\home\\cosmetic.diplom\\backend\\src\\Core\\App.php(57): App\\Controllers\\AuthController->yandexCallback(Object(App\\Core\\Request), Object(App\\Core\\Response))\n#6 C:\\OSPanel\\home\\cosmetic.diplom\\backend\\public\\index.php(34): App\\Core\\App->run()\n#7 {main}"} []
[2026-04-17 20:41:38] cosmetic.INFO: Database connected successfully (MySQLi) [] []
[2026-04-17 20:41:39] cosmetic.ERROR: Yandex OAuth callback error {"error":"Unknown column 'ip_address' in 'field list'","trace":"#0 C:\\OSPanel\\home\\cosmetic.diplom\\backend\\src\\Config\\Database.php(60): mysqli->prepare('INSERT INTO RefreshTokens \\r\\n                (user_id, token, expires_at, ip_address, user_agent, created) \\r\\n                VALUES (?, ?, ?, ?, ?, NOW())')\n#1 C:\\OSPanel\\home\\cosmetic.diplom\\backend\\src\\Config\\Database.php(119): App\\Config\\Database::query('INSERT INTO RefreshTokens \\r\\n                (user_id, token, expires_at, ip_address, user_agent, created) \\r\\n                VALUES (?, ?, ?, ?, ?, NOW())', Array, 'issss')\n#2 C:\\OSPanel\\home\\cosmetic.diplom\\backend\\src\\Models\\RefreshToken.php(17): App\\Config\\Database::execute('INSERT INTO RefreshTokens \\r\\n                (user_id, token, expires_at, ip_address, user_agent, created) \\r\\n                VALUES (?, ?, ?, ?, ?, NOW())', Array, 'issss')\n#3 C:\\OSPanel\\home\\cosmetic.diplom\\backend\\src\\Services\\TokenService.php(41): App\\Models\\RefreshToken::create(Array)\n#4 C:\\OSPanel\\home\\cosmetic.diplom\\backend\\src\\Services\\TokenService.php(56): App\\Services\\TokenService->generateRefreshToken(Array, Array)\n#5 C:\\OSPanel\\home\\cosmetic.diplom\\backend\\src\\Controllers\\AuthController.php(466): App\\Services\\TokenService->generateTokenPair(Array, Array)\n#6 C:\\OSPanel\\home\\cosmetic.diplom\\backend\\src\\Core\\App.php(57): App\\Controllers\\AuthController->yandexCallback(Object(App\\Core\\Request), Object(App\\Core\\Response))\n#7 C:\\OSPanel\\home\\cosmetic.diplom\\backend\\public\\index.php(34): App\\Core\\App->run()\n#8 {main}"} []
[2026-04-17 20:47:39] cosmetic.INFO: Database connected successfully (MySQLi) [] []
[2026-04-17 20:50:23] cosmetic.INFO: Database connected successfully (MySQLi) [] []
[2026-04-17 20:51:18] cosmetic.INFO: Database connected successfully (MySQLi) [] []
[2026-04-17 20:58:05] cosmetic.INFO: Database connected successfully (MySQLi) [] []
[2026-04-17 21:00:38] cosmetic.INFO: Database connected successfully (MySQLi) [] []
[2026-04-17 21:05:01] cosmetic.INFO: AuthController initialized [] []
[2026-04-17 21:05:01] cosmetic.INFO: === YANDEX AUTH START === [] []
[2026-04-17 21:05:01] cosmetic.INFO: Yandex auth URL generated {"state":"34ec17fda04c09cef5bf98cd24c8c44e"} []
[2026-04-17 21:05:01] cosmetic.INFO: AuthController initialized [] []
[2026-04-17 21:05:01] cosmetic.INFO: === YANDEX AUTH START === [] []
[2026-04-17 21:05:01] cosmetic.INFO: Yandex auth URL generated {"state":"2cb5b9e4eb15115702da6c02ca4591c1"} []
[2026-04-17 21:05:05] cosmetic.INFO: AuthController initialized [] []
[2026-04-17 21:05:05] cosmetic.INFO: === YANDEX CALLBACK START === [] []
[2026-04-17 21:05:05] cosmetic.INFO: Yandex callback params {"code":"fk5tcs7s2g3stcqs...","state":"2cb5b9e4eb15115702da6c02ca4591c1","client_url":"https://cosmetic.diplom/frontend"} []
[2026-04-17 21:05:05] cosmetic.INFO: Step 1: Exchanging code for token [] []
[2026-04-17 21:05:05] cosmetic.INFO: Step 1 SUCCESS: Token received {"access_token":"y0__xDcmZ_OCBih9z8gx..."} []
[2026-04-17 21:05:05] cosmetic.INFO: Step 2: Getting user info from Yandex [] []
[2026-04-17 21:05:05] cosmetic.INFO: Step 2 SUCCESS: User info received {"yandex_id":"2311572700","email":"tasi.mail@mail.ru"} []
[2026-04-17 21:05:05] cosmetic.INFO: Step 3: Checking OAuth account {"yandex_id":"2311572700"} []
[2026-04-17 21:05:05] cosmetic.INFO: Database connected successfully (MySQLi) [] []
[2026-04-17 21:05:05] cosmetic.INFO: Step 3: Existing OAuth account found {"user_id":1} []
[2026-04-17 21:05:05] cosmetic.INFO: Step 3 SUCCESS: Existing user found {"user_id":1} []
[2026-04-17 21:05:05] cosmetic.INFO: Step 8: Updating last login {"user_id":1} []
[2026-04-17 21:05:05] cosmetic.INFO: Step 9: Generating tokens {"user_id":1} []
[2026-04-17 21:05:05] cosmetic.INFO: Step 9 SUCCESS: Tokens generated [] []
[2026-04-17 21:05:05] cosmetic.INFO: === YANDEX CALLBACK SUCCESS === {"user_id":1,"email":"tasi.mail@mail.ru","is_new_user":false,"redirect":"https://cosmetic.diplom/frontend/dashboard-client.html?access_token=eyJ0eXAiOiJKV1QiLCJhbGciOiJIUzI1NiJ9.eyJ1c2VyX2lkIjoxLCJlbWFpbCI6InRhc2kubWFpbEBtYWlsLnJ1Iiwicm9sZSI6ImNsaWVudCIsInR5cGUiOiJhY2Nlc3MiLCJpYXQiOjE3NzY0NDkxMDUsImV4cCI6MTc3NjQ1MDAwNX0.FMcr83pDkMpGdSVdV0yfkqzrrOKvMEaJjo7ZPID5a30&refresh_token=a9543ef90bf7b8adb11ee304affbe9448e5b1bbe8ed708e5cec622b485f8893c3aa6903a92022cbf770958712d0acda51da3fff2e93cf0386a77f1dd9731c2a7&is_new_user=0"} []
[2026-04-17 21:06:58] cosmetic.INFO: AuthController initialized [] []
[2026-04-17 21:06:58] cosmetic.INFO: === YANDEX AUTH START === [] []
[2026-04-17 21:06:58] cosmetic.INFO: Yandex auth URL generated {"state":"bf0cb650cf4ebd88c1be64554e1791e1"} []
[2026-04-17 21:06:58] cosmetic.INFO: AuthController initialized [] []
[2026-04-17 21:06:58] cosmetic.INFO: === YANDEX AUTH START === [] []
[2026-04-17 21:06:58] cosmetic.INFO: Yandex auth URL generated {"state":"eb1a4dd67923ba38e763d7674573dbf4"} []
[2026-04-17 21:07:01] cosmetic.INFO: AuthController initialized [] []
[2026-04-17 21:07:01] cosmetic.INFO: === YANDEX CALLBACK START === [] []
[2026-04-17 21:07:01] cosmetic.INFO: Yandex callback params {"code":"zae75egmpxaj2n23...","state":"eb1a4dd67923ba38e763d7674573dbf4","client_url":"https://cosmetic.diplom/frontend"} []
[2026-04-17 21:07:01] cosmetic.INFO: Step 1: Exchanging code for token [] []
[2026-04-17 21:07:02] cosmetic.INFO: Step 1 SUCCESS: Token received {"access_token":"y0__xDcmZ_OCBih9z8gx..."} []
[2026-04-17 21:07:02] cosmetic.INFO: Step 2: Getting user info from Yandex [] []
[2026-04-17 21:07:02] cosmetic.INFO: Step 2 SUCCESS: User info received {"yandex_id":"2311572700","email":"tasi.mail@mail.ru"} []
[2026-04-17 21:07:02] cosmetic.INFO: Step 3: Checking OAuth account {"yandex_id":"2311572700"} []
[2026-04-17 21:07:02] cosmetic.INFO: Database connected successfully (MySQLi) [] []
[2026-04-17 21:07:02] cosmetic.INFO: Step 3: Existing OAuth account found {"user_id":1} []
[2026-04-17 21:07:02] cosmetic.INFO: Step 3 SUCCESS: Existing user found {"user_id":1} []
[2026-04-17 21:07:02] cosmetic.INFO: Step 8: Updating last login {"user_id":1} []
[2026-04-17 21:07:02] cosmetic.INFO: Step 9: Generating tokens {"user_id":1} []
[2026-04-17 21:07:02] cosmetic.INFO: Step 9 SUCCESS: Tokens generated [] []
[2026-04-17 21:07:02] cosmetic.INFO: === YANDEX CALLBACK SUCCESS === {"user_id":1,"email":"tasi.mail@mail.ru","is_new_user":false,"redirect":"https://cosmetic.diplom/frontend/dashboard-client.html?access_token=eyJ0eXAiOiJKV1QiLCJhbGciOiJIUzI1NiJ9.eyJ1c2VyX2lkIjoxLCJlbWFpbCI6InRhc2kubWFpbEBtYWlsLnJ1Iiwicm9sZSI6ImNsaWVudCIsInR5cGUiOiJhY2Nlc3MiLCJpYXQiOjE3NzY0NDkyMjIsImV4cCI6MTc3NjQ1MDEyMn0.ywHTheuQ7DOPXy5c9kCP49fdzNpiyLcEBySS5whKvDI&refresh_token=3e0147ffee861f2187bdd1e4888f9f5fe45ae5d2036623c7f82bf78c149ba9bd090a1eaab7548b6c571749ebdc3c6f98fd59aae2b603e4855ca607ab5ade3859&is_new_user=0"} []
[2026-04-17 21:09:35] cosmetic.INFO: AuthController initialized [] []
[2026-04-17 21:09:35] cosmetic.INFO: === YANDEX AUTH START === [] []
[2026-04-17 21:09:35] cosmetic.INFO: Yandex auth URL generated {"state":"8f8d73e0cf0dfa47387ebca5060b1f0d"} []
[2026-04-17 21:09:35] cosmetic.INFO: AuthController initialized [] []
[2026-04-17 21:09:35] cosmetic.INFO: === YANDEX AUTH START === [] []
[2026-04-17 21:09:35] cosmetic.INFO: Yandex auth URL generated {"state":"861ec46d19eceee14757bc7ab150e8ca"} []
[2026-04-17 21:09:39] cosmetic.INFO: AuthController initialized [] []
[2026-04-17 21:09:39] cosmetic.INFO: === YANDEX CALLBACK START === [] []
[2026-04-17 21:09:39] cosmetic.INFO: Yandex callback params {"code":"i4cwudcig4si24kl...","state":"861ec46d19eceee14757bc7ab150e8ca","client_url":"https://cosmetic.diplom/frontend"} []
[2026-04-17 21:09:39] cosmetic.INFO: Step 1: Exchanging code for token [] []
[2026-04-17 21:09:40] cosmetic.INFO: Step 1 SUCCESS: Token received {"access_token":"y0__xDcmZ_OCBih9z8gx..."} []
[2026-04-17 21:09:40] cosmetic.INFO: Step 2: Getting user info from Yandex [] []
[2026-04-17 21:09:40] cosmetic.INFO: Step 2 SUCCESS: User info received {"yandex_id":"2311572700","email":"tasi.mail@mail.ru"} []
[2026-04-17 21:09:40] cosmetic.INFO: Step 3: Checking OAuth account {"yandex_id":"2311572700"} []
[2026-04-17 21:09:40] cosmetic.INFO: Database connected successfully (MySQLi) [] []
[2026-04-17 21:09:40] cosmetic.INFO: Step 3: Existing OAuth account found {"user_id":1} []
[2026-04-17 21:09:40] cosmetic.INFO: Step 3 SUCCESS: Existing user found {"user_id":1} []
[2026-04-17 21:09:40] cosmetic.INFO: Step 8: Updating last login {"user_id":1} []
[2026-04-17 21:09:40] cosmetic.INFO: Step 9: Generating tokens {"user_id":1} []
[2026-04-17 21:09:40] cosmetic.INFO: Step 9 SUCCESS: Tokens generated [] []
[2026-04-17 21:09:40] cosmetic.INFO: === YANDEX CALLBACK SUCCESS === {"user_id":1,"email":"tasi.mail@mail.ru","is_new_user":false,"redirect":"https://cosmetic.diplom/frontend/dashboard-client.html?access_token=eyJ0eXAiOiJKV1QiLCJhbGciOiJIUzI1NiJ9.eyJ1c2VyX2lkIjoxLCJlbWFpbCI6InRhc2kubWFpbEBtYWlsLnJ1Iiwicm9sZSI6ImNsaWVudCIsInR5cGUiOiJhY2Nlc3MiLCJpYXQiOjE3NzY0NDkzODAsImV4cCI6MTc3NjQ1MDI4MH0.55otplhGS5GvfyB1U0d36f1xP86dbhlZii70L7tW3wQ&refresh_token=7856228766143d02991e0d250a076d5bb42719b5f5389795d7dc58208d5a48c03c434d1d7eb5fd77ade466953b21a7c40d178da2b3349e9aa87599e46549fcf4&is_new_user=0"} []
[2026-04-17 21:09:49] cosmetic.INFO: AuthController initialized [] []
[2026-04-17 21:09:49] cosmetic.INFO: === YANDEX AUTH START === [] []
[2026-04-17 21:09:49] cosmetic.INFO: Yandex auth URL generated {"state":"c477fa16d60c6a48a56c4b5d23323aea"} []
[2026-04-17 21:09:49] cosmetic.INFO: AuthController initialized [] []
[2026-04-17 21:09:49] cosmetic.INFO: === YANDEX AUTH START === [] []
[2026-04-17 21:09:49] cosmetic.INFO: Yandex auth URL generated {"state":"c9dabdd9a8cb73756f06d50a5f8272eb"} []
[2026-04-17 21:09:53] cosmetic.INFO: AuthController initialized [] []
[2026-04-17 21:09:53] cosmetic.INFO: === YANDEX CALLBACK START === [] []
[2026-04-17 21:09:53] cosmetic.INFO: Yandex callback params {"code":"3okmppmx7wukkcun...","state":"c9dabdd9a8cb73756f06d50a5f8272eb","client_url":"https://cosmetic.diplom/frontend"} []
[2026-04-17 21:09:53] cosmetic.INFO: Step 1: Exchanging code for token [] []
[2026-04-17 21:09:53] cosmetic.INFO: Step 1 SUCCESS: Token received {"access_token":"y0__xDcmZ_OCBih9z8gx..."} []
[2026-04-17 21:09:53] cosmetic.INFO: Step 2: Getting user info from Yandex [] []
[2026-04-17 21:09:53] cosmetic.INFO: Step 2 SUCCESS: User info received {"yandex_id":"2311572700","email":"tasi.mail@mail.ru"} []
[2026-04-17 21:09:53] cosmetic.INFO: Step 3: Checking OAuth account {"yandex_id":"2311572700"} []
[2026-04-17 21:09:53] cosmetic.INFO: Database connected successfully (MySQLi) [] []
[2026-04-17 21:09:53] cosmetic.INFO: Step 3: Existing OAuth account found {"user_id":1} []
[2026-04-17 21:09:53] cosmetic.INFO: Step 3 SUCCESS: Existing user found {"user_id":1} []
[2026-04-17 21:09:53] cosmetic.INFO: Step 8: Updating last login {"user_id":1} []
[2026-04-17 21:09:53] cosmetic.INFO: Step 9: Generating tokens {"user_id":1} []
[2026-04-17 21:09:53] cosmetic.INFO: Step 9 SUCCESS: Tokens generated [] []
[2026-04-17 21:09:53] cosmetic.INFO: === YANDEX CALLBACK SUCCESS === {"user_id":1,"email":"tasi.mail@mail.ru","is_new_user":false,"redirect":"https://cosmetic.diplom/frontend/dashboard-client.html?access_token=eyJ0eXAiOiJKV1QiLCJhbGciOiJIUzI1NiJ9.eyJ1c2VyX2lkIjoxLCJlbWFpbCI6InRhc2kubWFpbEBtYWlsLnJ1Iiwicm9sZSI6ImNsaWVudCIsInR5cGUiOiJhY2Nlc3MiLCJpYXQiOjE3NzY0NDkzOTMsImV4cCI6MTc3NjQ1MDI5M30.BsPP-bebK2mDRxNCbAdt7eW_vUmhrBNdgf_nfpNlBq8&refresh_token=8115c074a67f12ad6c0d8c660b79d4f8c2e10e3409cb997362fba9dd9e41355cc8b970abf6beff14b534e0e507d4d294c1b0747f80b36ef0ac51a0c7beadb212&is_new_user=0"} []
[2026-04-17 21:10:03] cosmetic.INFO: AuthController initialized [] []
[2026-04-17 21:10:03] cosmetic.INFO: === YANDEX AUTH START === [] []
[2026-04-17 21:10:03] cosmetic.INFO: Yandex auth URL generated {"state":"dff8651a34e34e3d61294d62f9310807"} []
[2026-04-17 21:10:03] cosmetic.INFO: AuthController initialized [] []
[2026-04-17 21:10:03] cosmetic.INFO: === YANDEX AUTH START === [] []
[2026-04-17 21:10:03] cosmetic.INFO: Yandex auth URL generated {"state":"5a855135738e9cdd1a3c782af582fc09"} []
[2026-04-17 21:10:07] cosmetic.INFO: AuthController initialized [] []
[2026-04-17 21:10:07] cosmetic.INFO: === YANDEX CALLBACK START === [] []
[2026-04-17 21:10:07] cosmetic.INFO: Yandex callback params {"code":"lvjnar7ltibxbyom...","state":"5a855135738e9cdd1a3c782af582fc09","client_url":"https://cosmetic.diplom/frontend"} []
[2026-04-17 21:10:07] cosmetic.INFO: Step 1: Exchanging code for token [] []
[2026-04-17 21:10:07] cosmetic.INFO: Step 1 SUCCESS: Token received {"access_token":"y0__xDcmZ_OCBih9z8gx..."} []
[2026-04-17 21:10:07] cosmetic.INFO: Step 2: Getting user info from Yandex [] []
[2026-04-17 21:10:07] cosmetic.INFO: Step 2 SUCCESS: User info received {"yandex_id":"2311572700","email":"tasi.mail@mail.ru"} []
[2026-04-17 21:10:07] cosmetic.INFO: Step 3: Checking OAuth account {"yandex_id":"2311572700"} []
[2026-04-17 21:10:07] cosmetic.INFO: Database connected successfully (MySQLi) [] []
[2026-04-17 21:10:07] cosmetic.INFO: Step 3: Existing OAuth account found {"user_id":1} []
[2026-04-17 21:10:07] cosmetic.INFO: Step 3 SUCCESS: Existing user found {"user_id":1} []
[2026-04-17 21:10:07] cosmetic.INFO: Step 8: Updating last login {"user_id":1} []
[2026-04-17 21:10:07] cosmetic.INFO: Step 9: Generating tokens {"user_id":1} []
[2026-04-17 21:10:07] cosmetic.INFO: Step 9 SUCCESS: Tokens generated [] []
[2026-04-17 21:10:07] cosmetic.INFO: === YANDEX CALLBACK SUCCESS === {"user_id":1,"email":"tasi.mail@mail.ru","is_new_user":false,"redirect":"https://cosmetic.diplom/frontend/dashboard-client.html?access_token=eyJ0eXAiOiJKV1QiLCJhbGciOiJIUzI1NiJ9.eyJ1c2VyX2lkIjoxLCJlbWFpbCI6InRhc2kubWFpbEBtYWlsLnJ1Iiwicm9sZSI6ImNsaWVudCIsInR5cGUiOiJhY2Nlc3MiLCJpYXQiOjE3NzY0NDk0MDcsImV4cCI6MTc3NjQ1MDMwN30.Bg5uQMMlShVQaAGirLHN9nWY8BmDVeViB4LJ1i_CR1A&refresh_token=2ba8c26ceeacbaf8b333c63c1d955364de53ca538d4bf3489ebc5cf3dcf69fe0a0a77dce33de8b826512894e13c9d4b50649bdaa485ee366f0fd97b81e904f00&is_new_user=0"} []
[2026-04-17 21:10:13] cosmetic.INFO: AuthController initialized [] []
[2026-04-17 21:10:13] cosmetic.INFO: === YANDEX AUTH START === [] []
[2026-04-17 21:10:13] cosmetic.INFO: Yandex auth URL generated {"state":"a0335f267963b1d9e6a7406892a8eeb9"} []
[2026-04-17 21:10:13] cosmetic.INFO: AuthController initialized [] []
[2026-04-17 21:10:13] cosmetic.INFO: === YANDEX AUTH START === [] []
[2026-04-17 21:10:13] cosmetic.INFO: Yandex auth URL generated {"state":"35f08963bce996a289b42f023b48a79a"} []
[2026-04-17 21:10:17] cosmetic.INFO: AuthController initialized [] []
[2026-04-17 21:10:17] cosmetic.INFO: === YANDEX CALLBACK START === [] []
[2026-04-17 21:10:17] cosmetic.INFO: Yandex callback params {"code":"rsdgd3nolacebngu...","state":"35f08963bce996a289b42f023b48a79a","client_url":"https://cosmetic.diplom/frontend"} []
[2026-04-17 21:10:17] cosmetic.INFO: Step 1: Exchanging code for token [] []
[2026-04-17 21:10:17] cosmetic.INFO: Step 1 SUCCESS: Token received {"access_token":"y0__xDcmZ_OCBih9z8gx..."} []
[2026-04-17 21:10:17] cosmetic.INFO: Step 2: Getting user info from Yandex [] []
[2026-04-17 21:10:17] cosmetic.INFO: Step 2 SUCCESS: User info received {"yandex_id":"2311572700","email":"tasi.mail@mail.ru"} []
[2026-04-17 21:10:17] cosmetic.INFO: Step 3: Checking OAuth account {"yandex_id":"2311572700"} []
[2026-04-17 21:10:17] cosmetic.INFO: Database connected successfully (MySQLi) [] []
[2026-04-17 21:10:17] cosmetic.INFO: Step 3: Existing OAuth account found {"user_id":1} []
[2026-04-17 21:10:17] cosmetic.INFO: Step 3 SUCCESS: Existing user found {"user_id":1} []
[2026-04-17 21:10:17] cosmetic.INFO: Step 8: Updating last login {"user_id":1} []
[2026-04-17 21:10:17] cosmetic.INFO: Step 9: Generating tokens {"user_id":1} []
[2026-04-17 21:10:17] cosmetic.INFO: Step 9 SUCCESS: Tokens generated [] []
[2026-04-17 21:10:17] cosmetic.INFO: === YANDEX CALLBACK SUCCESS === {"user_id":1,"email":"tasi.mail@mail.ru","is_new_user":false,"redirect":"https://cosmetic.diplom/frontend/dashboard-client.html?access_token=eyJ0eXAiOiJKV1QiLCJhbGciOiJIUzI1NiJ9.eyJ1c2VyX2lkIjoxLCJlbWFpbCI6InRhc2kubWFpbEBtYWlsLnJ1Iiwicm9sZSI6ImNsaWVudCIsInR5cGUiOiJhY2Nlc3MiLCJpYXQiOjE3NzY0NDk0MTcsImV4cCI6MTc3NjQ1MDMxN30.OyxUOcnB55nZHWxIvOfg12RCfdpRLILtoQKSf5nd4NI&refresh_token=bc4e23ac1d265f59a575acdaaf1b889663df9250de0ef7ccbbd49a818e2502f49f9eee813a0a8ec6f084f52a878c23ac58f295de97982b8d6e8c8a1e7a920457&is_new_user=0"} []
[2026-04-17 21:10:24] cosmetic.INFO: AuthController initialized [] []
[2026-04-17 21:10:24] cosmetic.INFO: === YANDEX AUTH START === [] []
[2026-04-17 21:10:24] cosmetic.INFO: Yandex auth URL generated {"state":"53a1b564d96e0382ddf868257b92cbae"} []
[2026-04-17 21:10:24] cosmetic.INFO: AuthController initialized [] []
[2026-04-17 21:10:24] cosmetic.INFO: === YANDEX AUTH START === [] []
[2026-04-17 21:10:24] cosmetic.INFO: Yandex auth URL generated {"state":"e1e2bfbf3634f111d9fba0d7ab6adb87"} []
[2026-04-17 21:10:28] cosmetic.INFO: AuthController initialized [] []
[2026-04-17 21:10:28] cosmetic.INFO: === YANDEX CALLBACK START === [] []
[2026-04-17 21:10:28] cosmetic.INFO: Yandex callback params {"code":"qnxauhrucr2ewwbg...","state":"e1e2bfbf3634f111d9fba0d7ab6adb87","client_url":"https://cosmetic.diplom/frontend"} []
[2026-04-17 21:10:28] cosmetic.INFO: Step 1: Exchanging code for token [] []
[2026-04-17 21:10:28] cosmetic.INFO: Step 1 SUCCESS: Token received {"access_token":"y0__xDcmZ_OCBih9z8gx..."} []
[2026-04-17 21:10:28] cosmetic.INFO: Step 2: Getting user info from Yandex [] []
[2026-04-17 21:10:28] cosmetic.INFO: Step 2 SUCCESS: User info received {"yandex_id":"2311572700","email":"tasi.mail@mail.ru"} []
[2026-04-17 21:10:28] cosmetic.INFO: Step 3: Checking OAuth account {"yandex_id":"2311572700"} []
[2026-04-17 21:10:28] cosmetic.INFO: Database connected successfully (MySQLi) [] []
[2026-04-17 21:10:28] cosmetic.INFO: Step 3: Existing OAuth account found {"user_id":1} []
[2026-04-17 21:10:28] cosmetic.INFO: Step 3 SUCCESS: Existing user found {"user_id":1} []
[2026-04-17 21:10:28] cosmetic.INFO: Step 8: Updating last login {"user_id":1} []
[2026-04-17 21:10:28] cosmetic.INFO: Step 9: Generating tokens {"user_id":1} []
[2026-04-17 21:10:28] cosmetic.INFO: Step 9 SUCCESS: Tokens generated [] []
[2026-04-17 21:10:28] cosmetic.INFO: === YANDEX CALLBACK SUCCESS === {"user_id":1,"email":"tasi.mail@mail.ru","is_new_user":false,"redirect":"https://cosmetic.diplom/frontend/dashboard-client.html?access_token=eyJ0eXAiOiJKV1QiLCJhbGciOiJIUzI1NiJ9.eyJ1c2VyX2lkIjoxLCJlbWFpbCI6InRhc2kubWFpbEBtYWlsLnJ1Iiwicm9sZSI6ImNsaWVudCIsInR5cGUiOiJhY2Nlc3MiLCJpYXQiOjE3NzY0NDk0MjgsImV4cCI6MTc3NjQ1MDMyOH0.TDJEy0WhwKfH6iUp6BPqRJ1ZIbdIoq6qDD5gp7UUgYA&refresh_token=70d7aee92feb548cfa05c465e502624656619000e01ab97f01bbe3505537b9d023647d7675a2eeb3567a7185bdc4df7492ebbdeedea248647db747920bdf6a09&is_new_user=0"} []
[2026-04-17 21:10:33] cosmetic.INFO: AuthController initialized [] []
[2026-04-17 21:10:33] cosmetic.INFO: === YANDEX AUTH START === [] []
[2026-04-17 21:10:33] cosmetic.INFO: Yandex auth URL generated {"state":"7a6385ab293eca77bfb1723e70f9a2fb"} []
[2026-04-17 21:10:33] cosmetic.INFO: AuthController initialized [] []
[2026-04-17 21:10:33] cosmetic.INFO: === YANDEX AUTH START === [] []
[2026-04-17 21:10:33] cosmetic.INFO: Yandex auth URL generated {"state":"e8583a6302ceec582f973d2b4851ff87"} []
[2026-04-17 21:10:37] cosmetic.INFO: AuthController initialized [] []
[2026-04-17 21:10:37] cosmetic.INFO: === YANDEX CALLBACK START === [] []
[2026-04-17 21:10:37] cosmetic.INFO: Yandex callback params {"code":"2dhxad7nxcmucllx...","state":"e8583a6302ceec582f973d2b4851ff87","client_url":"https://cosmetic.diplom/frontend"} []
[2026-04-17 21:10:37] cosmetic.INFO: Step 1: Exchanging code for token [] []
[2026-04-17 21:10:37] cosmetic.INFO: Step 1 SUCCESS: Token received {"access_token":"y0__xDcmZ_OCBih9z8gx..."} []
[2026-04-17 21:10:37] cosmetic.INFO: Step 2: Getting user info from Yandex [] []
[2026-04-17 21:10:37] cosmetic.INFO: Step 2 SUCCESS: User info received {"yandex_id":"2311572700","email":"tasi.mail@mail.ru"} []
[2026-04-17 21:10:37] cosmetic.INFO: Step 3: Checking OAuth account {"yandex_id":"2311572700"} []
[2026-04-17 21:10:37] cosmetic.INFO: Database connected successfully (MySQLi) [] []
[2026-04-17 21:10:37] cosmetic.INFO: Step 3: Existing OAuth account found {"user_id":1} []
[2026-04-17 21:10:37] cosmetic.INFO: Step 3 SUCCESS: Existing user found {"user_id":1} []
[2026-04-17 21:10:37] cosmetic.INFO: Step 8: Updating last login {"user_id":1} []
[2026-04-17 21:10:37] cosmetic.INFO: Step 9: Generating tokens {"user_id":1} []
[2026-04-17 21:10:37] cosmetic.INFO: Step 9 SUCCESS: Tokens generated [] []
[2026-04-17 21:10:37] cosmetic.INFO: === YANDEX CALLBACK SUCCESS === {"user_id":1,"email":"tasi.mail@mail.ru","is_new_user":false,"redirect":"https://cosmetic.diplom/frontend/dashboard-client.html?access_token=eyJ0eXAiOiJKV1QiLCJhbGciOiJIUzI1NiJ9.eyJ1c2VyX2lkIjoxLCJlbWFpbCI6InRhc2kubWFpbEBtYWlsLnJ1Iiwicm9sZSI6ImNsaWVudCIsInR5cGUiOiJhY2Nlc3MiLCJpYXQiOjE3NzY0NDk0MzcsImV4cCI6MTc3NjQ1MDMzN30.UkC4yD43uXyuPgkJCZYWMh1jrOxy55xCLFovBQDvE6A&refresh_token=03a051545b5b4cee5a94067c692249957747363679e9285c6b808f46de3aea91d315a98423a1ee1dbf911fd7226420dfc5a255d26d759795e5233d5661e9b046&is_new_user=0"} []
[2026-04-17 21:11:27] cosmetic.INFO: AuthController initialized [] []
[2026-04-17 21:11:27] cosmetic.INFO: === YANDEX AUTH START === [] []
[2026-04-17 21:11:27] cosmetic.INFO: Yandex auth URL generated {"state":"e875981904c73fbe0746f1b566ce4a7c"} []
[2026-04-17 21:11:27] cosmetic.INFO: AuthController initialized [] []
[2026-04-17 21:11:27] cosmetic.INFO: === YANDEX AUTH START === [] []
[2026-04-17 21:11:27] cosmetic.INFO: Yandex auth URL generated {"state":"3c71e222edc032161ee5b89f689be3e2"} []
[2026-04-17 21:11:31] cosmetic.INFO: AuthController initialized [] []
[2026-04-17 21:11:31] cosmetic.INFO: === YANDEX CALLBACK START === [] []
[2026-04-17 21:11:31] cosmetic.INFO: Yandex callback params {"code":"4agiw2rbqe6mobwq...","state":"3c71e222edc032161ee5b89f689be3e2","client_url":"https://cosmetic.diplom/frontend"} []
[2026-04-17 21:11:31] cosmetic.INFO: Step 1: Exchanging code for token [] []
[2026-04-17 21:11:31] cosmetic.INFO: Step 1 SUCCESS: Token received {"access_token":"y0__xDcmZ_OCBih9z8gx..."} []
[2026-04-17 21:11:31] cosmetic.INFO: Step 2: Getting user info from Yandex [] []
[2026-04-17 21:11:31] cosmetic.INFO: Step 2 SUCCESS: User info received {"yandex_id":"2311572700","email":"tasi.mail@mail.ru"} []
[2026-04-17 21:11:31] cosmetic.INFO: Step 3: Checking OAuth account {"yandex_id":"2311572700"} []
[2026-04-17 21:11:31] cosmetic.INFO: Database connected successfully (MySQLi) [] []
[2026-04-17 21:11:31] cosmetic.INFO: Step 3: Existing OAuth account found {"user_id":1} []
[2026-04-17 21:11:31] cosmetic.INFO: Step 3 SUCCESS: Existing user found {"user_id":1} []
[2026-04-17 21:11:31] cosmetic.INFO: Step 8: Updating last login {"user_id":1} []
[2026-04-17 21:11:31] cosmetic.INFO: Step 9: Generating tokens {"user_id":1} []
[2026-04-17 21:11:31] cosmetic.INFO: Step 9 SUCCESS: Tokens generated [] []
[2026-04-17 21:11:31] cosmetic.INFO: === YANDEX CALLBACK SUCCESS === {"user_id":1,"email":"tasi.mail@mail.ru","is_new_user":false,"redirect":"https://cosmetic.diplom/frontend/dashboard-client.html?access_token=eyJ0eXAiOiJKV1QiLCJhbGciOiJIUzI1NiJ9.eyJ1c2VyX2lkIjoxLCJlbWFpbCI6InRhc2kubWFpbEBtYWlsLnJ1Iiwicm9sZSI6ImNsaWVudCIsInR5cGUiOiJhY2Nlc3MiLCJpYXQiOjE3NzY0NDk0OTEsImV4cCI6MTc3NjQ1MDM5MX0.WjcLQzVKMu9tsh9tYHd1V8xQWI3vdy0ZkYgDLT2ID8Y&refresh_token=676ae9ed9e8b9d106a8c719a24929f46ab08b82ebd9b532ce1a197835b97a9867640a858ee935b7cd9c4ecda322c517db370b0f03d14f4bcbe0712fe6328835a&is_new_user=0"} []
[2026-04-17 21:14:46] cosmetic.INFO: AuthController initialized [] []
[2026-04-17 21:14:46] cosmetic.INFO: === YANDEX AUTH START === [] []
[2026-04-17 21:14:46] cosmetic.INFO: Yandex auth URL generated {"state":"395ff80cd9c5c524afa1de9f71c63cb7"} []
[2026-04-17 21:14:46] cosmetic.INFO: AuthController initialized [] []
[2026-04-17 21:14:46] cosmetic.INFO: === YANDEX AUTH START === [] []
[2026-04-17 21:14:46] cosmetic.INFO: Yandex auth URL generated {"state":"988e3f23da02ba917dc0a369ce894498"} []
[2026-04-17 21:14:50] cosmetic.INFO: AuthController initialized [] []
[2026-04-17 21:14:50] cosmetic.INFO: === YANDEX CALLBACK START === [] []
[2026-04-17 21:14:50] cosmetic.INFO: Yandex callback params {"code":"vcaobz3tl2scbjit...","state":"988e3f23da02ba917dc0a369ce894498","client_url":"https://cosmetic.diplom/frontend"} []
[2026-04-17 21:14:50] cosmetic.INFO: Step 1: Exchanging code for token [] []
[2026-04-17 21:14:50] cosmetic.INFO: Step 1 SUCCESS: Token received {"access_token":"y0__xDcmZ_OCBih9z8gx..."} []
[2026-04-17 21:14:50] cosmetic.INFO: Step 2: Getting user info from Yandex [] []
[2026-04-17 21:14:50] cosmetic.INFO: Step 2 SUCCESS: User info received {"yandex_id":"2311572700","email":"tasi.mail@mail.ru"} []
[2026-04-17 21:14:50] cosmetic.INFO: Step 3: Checking OAuth account {"yandex_id":"2311572700"} []
[2026-04-17 21:14:50] cosmetic.INFO: Database connected successfully (MySQLi) [] []
[2026-04-17 21:14:50] cosmetic.INFO: Step 3: Existing OAuth account found {"user_id":1} []
[2026-04-17 21:14:50] cosmetic.INFO: Step 3 SUCCESS: Existing user found {"user_id":1} []
[2026-04-17 21:14:50] cosmetic.INFO: Step 8: Updating last login {"user_id":1} []
[2026-04-17 21:14:50] cosmetic.INFO: Step 9: Generating tokens {"user_id":1} []
[2026-04-17 21:14:50] cosmetic.INFO: Step 9 SUCCESS: Tokens generated [] []
[2026-04-17 21:14:50] cosmetic.INFO: === YANDEX CALLBACK SUCCESS === {"user_id":1,"email":"tasi.mail@mail.ru","is_new_user":false,"redirect":"https://cosmetic.diplom/frontend/dashboard-client.html?access_token=eyJ0eXAiOiJKV1QiLCJhbGciOiJIUzI1NiJ9.eyJ1c2VyX2lkIjoxLCJlbWFpbCI6InRhc2kubWFpbEBtYWlsLnJ1Iiwicm9sZSI6ImNsaWVudCIsInR5cGUiOiJhY2Nlc3MiLCJpYXQiOjE3NzY0NDk2OTAsImV4cCI6MTc3NjQ1MDU5MH0.GD5qQn5NW_mPVnLR4LL9BAvWwTv969RcjgHVkg8sWyU&refresh_token=1132dbe1860693899d21820ae3ed0118aa342385ab5e3ce61a11b531b14ebd8d02aee21b2213cba86364e0d32ed4e70edc3fbb564f7e5203dc330de7b05ef1f1&is_new_user=0"} []
[2026-04-17 21:18:34] cosmetic.INFO: AuthController initialized [] []
[2026-04-17 21:18:34] cosmetic.INFO: === YANDEX AUTH START === [] []
[2026-04-17 21:18:34] cosmetic.INFO: Yandex auth URL generated {"state":"4d78b4d04114449e927baeb77c28828b"} []
[2026-04-17 21:18:34] cosmetic.INFO: AuthController initialized [] []
[2026-04-17 21:18:34] cosmetic.INFO: === YANDEX AUTH START === [] []
[2026-04-17 21:18:34] cosmetic.INFO: Yandex auth URL generated {"state":"47af12a79cb644d66712effc36e64c25"} []
[2026-04-17 21:18:38] cosmetic.INFO: AuthController initialized [] []
[2026-04-17 21:18:38] cosmetic.INFO: === YANDEX CALLBACK START === [] []
[2026-04-17 21:18:38] cosmetic.INFO: Yandex callback params {"code":"uwveuboss37uvswz...","state":"47af12a79cb644d66712effc36e64c25","client_url":"https://cosmetic.diplom/frontend"} []
[2026-04-17 21:18:38] cosmetic.INFO: Step 1: Exchanging code for token [] []
[2026-04-17 21:18:38] cosmetic.INFO: Step 1 SUCCESS: Token received {"access_token":"y0__xDcmZ_OCBih9z8gx..."} []
[2026-04-17 21:18:38] cosmetic.INFO: Step 2: Getting user info from Yandex [] []
[2026-04-17 21:18:38] cosmetic.INFO: Step 2 SUCCESS: User info received {"yandex_id":"2311572700","email":"tasi.mail@mail.ru"} []
[2026-04-17 21:18:38] cosmetic.INFO: Step 3: Checking OAuth account {"yandex_id":"2311572700"} []
[2026-04-17 21:18:38] cosmetic.INFO: Database connected successfully (MySQLi) [] []
[2026-04-17 21:18:38] cosmetic.INFO: Step 3: Existing OAuth account found {"user_id":1} []
[2026-04-17 21:18:38] cosmetic.INFO: Step 3 SUCCESS: Existing user found {"user_id":1} []
[2026-04-17 21:18:38] cosmetic.INFO: Step 8: Updating last login {"user_id":1} []
[2026-04-17 21:18:38] cosmetic.INFO: Step 9: Generating tokens {"user_id":1} []
[2026-04-17 21:18:38] cosmetic.INFO: Step 9 SUCCESS: Tokens generated [] []
[2026-04-17 21:18:38] cosmetic.INFO: === YANDEX CALLBACK SUCCESS === {"user_id":1,"email":"tasi.mail@mail.ru","is_new_user":false,"redirect":"https://cosmetic.diplom/frontend/dashboard-client.html?access_token=eyJ0eXAiOiJKV1QiLCJhbGciOiJIUzI1NiJ9.eyJ1c2VyX2lkIjoxLCJlbWFpbCI6InRhc2kubWFpbEBtYWlsLnJ1Iiwicm9sZSI6ImNsaWVudCIsInR5cGUiOiJhY2Nlc3MiLCJpYXQiOjE3NzY0NDk5MTgsImV4cCI6MTc3NjQ1MDgxOH0.OBPqyZ4ueRHTOlMdQ6HEHxlbMe22VdUFClcyikUJqTw&refresh_token=f791ee19470ce790de481267f1caf6ec229afde088f1858aad9a5d9a532ec4ae0b51e79cf3c7263d1a52e7538ebd557ac466cf87f51138aac2c8a6646cccc7c2&is_new_user=0"} []
[2026-04-17 21:29:04] cosmetic.INFO: AuthController initialized [] []
[2026-04-17 21:29:04] cosmetic.INFO: === YANDEX AUTH START === [] []
[2026-04-17 21:29:04] cosmetic.INFO: Yandex auth URL generated {"state":"d01c7b4e4cd2e27adf587f3f4aa73159"} []
[2026-04-17 21:29:04] cosmetic.INFO: AuthController initialized [] []
[2026-04-17 21:29:04] cosmetic.INFO: === YANDEX AUTH START === [] []
[2026-04-17 21:29:04] cosmetic.INFO: Yandex auth URL generated {"state":"92558ded1e948526a83c1d1b56f377da"} []
[2026-04-17 21:29:08] cosmetic.INFO: AuthController initialized [] []
[2026-04-17 21:29:08] cosmetic.INFO: === YANDEX CALLBACK START === [] []
[2026-04-17 21:29:08] cosmetic.INFO: Yandex callback params {"code":"om63dicj2gj7g6sl...","state":"92558ded1e948526a83c1d1b56f377da","client_url":"https://cosmetic.diplom/frontend"} []
[2026-04-17 21:29:08] cosmetic.INFO: Step 1: Exchanging code for token [] []
[2026-04-17 21:29:08] cosmetic.INFO: Step 1 SUCCESS: Token received {"access_token":"y0__xDcmZ_OCBih9z8gx..."} []
[2026-04-17 21:29:08] cosmetic.INFO: Step 2: Getting user info from Yandex [] []
[2026-04-17 21:29:08] cosmetic.INFO: Step 2 SUCCESS: User info received {"yandex_id":"2311572700","email":"tasi.mail@mail.ru"} []
[2026-04-17 21:29:08] cosmetic.INFO: Step 3: Checking OAuth account {"yandex_id":"2311572700"} []
[2026-04-17 21:29:08] cosmetic.INFO: Database connected successfully (MySQLi) [] []
[2026-04-17 21:29:08] cosmetic.INFO: Step 3: Existing OAuth account found {"user_id":1} []
[2026-04-17 21:29:08] cosmetic.INFO: Step 3 SUCCESS: Existing user found {"user_id":1} []
[2026-04-17 21:29:08] cosmetic.INFO: Step 8: Updating last login {"user_id":1} []
[2026-04-17 21:29:08] cosmetic.INFO: Step 9: Generating tokens {"user_id":1} []
[2026-04-17 21:29:08] cosmetic.INFO: Step 9 SUCCESS: Tokens generated [] []
[2026-04-17 21:29:08] cosmetic.INFO: === YANDEX CALLBACK SUCCESS === {"user_id":1,"email":"tasi.mail@mail.ru","is_new_user":false,"redirect":"https://cosmetic.diplom/frontend/dashboard-client.html?access_token=eyJ0eXAiOiJKV1QiLCJhbGciOiJIUzI1NiJ9.eyJ1c2VyX2lkIjoxLCJlbWFpbCI6InRhc2kubWFpbEBtYWlsLnJ1Iiwicm9sZSI6ImNsaWVudCIsInR5cGUiOiJhY2Nlc3MiLCJpYXQiOjE3NzY0NTA1NDgsImV4cCI6MTc3NjQ1MTQ0OH0.ZQ1S8CaMdQVsYCmq2vM7tsNUFxUNnDTVBbXnycAOl5Y&refresh_token=ddb9051d52f8441479c52b1c2b41fb7b515008499e55a7c327a7c694fc1aac426a26b69e9524eb2f9948d4b808a72c57e0e407b67ba4a8cda6e7fa2cb3a7c768&is_new_user=0"} []
